main.c:240:5:main	8	static
main.c:401:6:SystemClock_Config	88	static
main.c:451:13:MX_NVIC_Init	8	static
main.c:475:13:MX_RTC_Init	32	static
main.c:537:13:MX_TIM7_Init	16	static
main.c:577:13:MX_UART8_Init	8	static
main.c:613:13:MX_USART3_UART_Init	8	static
main.c:647:13:MX_DMA_Init	16	static
main.c:668:13:MX_GPIO_Init	56	static
main.c:774:6:StartLwipTask	128	static
main.c:810:6:StartSampleTask	16	static
main.c:830:6:StartCmdHandleTask	120	static
main.c:863:6:StartProtectTask	16	static
main.c:893:6:StartMotorContorlTask	32	static
main.c:938:6:StartIPCUartTask	128	static
main.c:992:6:StartCCDUartTask	7424	static
main.c:1037:6:TimeCountCallback	16	static
main.c:1048:6:CheckCCDCallback	24	static
main.c:1077:6:HAL_TIM_PeriodElapsedCallback	16	static
main.c:1097:6:Error_Handler	4	static,ignoring_inline_asm
