stm32f4xx_it.c:82:6:NMI_Handler	4	static
stm32f4xx_it.c:97:6:HardFault_Handler	4	static
stm32f4xx_it.c:112:6:MemManage_Handler	4	static
stm32f4xx_it.c:127:6:BusFault_Handler	4	static
stm32f4xx_it.c:142:6:UsageFault_Handler	4	static
stm32f4xx_it.c:157:6:DebugMon_Handler	4	static
stm32f4xx_it.c:177:6:DMA1_Stream1_IRQHandler	8	static
stm32f4xx_it.c:191:6:DMA1_Stream6_IRQHandler	8	static
stm32f4xx_it.c:205:6:USART3_IRQHandler	24	static
stm32f4xx_it.c:235:6:EXTI15_10_IRQHandler	8	static
stm32f4xx_it.c:249:6:TIM6_DAC_IRQHandler	8	static
stm32f4xx_it.c:263:6:TIM7_IRQHandler	8	static
stm32f4xx_it.c:277:6:ETH_IRQHandler	8	static
stm32f4xx_it.c:291:6:UART8_IRQHandler	24	static
